487hs 1
adshgadshgvgvadshgdhgddd 1
sdkjgask 1
dskjhsdlkghdgh 1
dsvbd 1
dflhgldkjhdlkjhvljkvhsdkfhsdlfkjhlkjshdjhsdfkjghdjkhkjhdsflkjdfhlkjh 1
djfbkg 1
djhgdjn 1
lsucj 1
zkjxdhgjksdfhkdfbvsdkvbdvhbsdkgsh 1
#FIM
