guard-costas 1
guarda-coisa 1
guarda-chuva 1
guarda-napo 1
#FIM
