talent 1
talented 1
table 1
than 1
the 2
is 2
individual 1
cheaper 1
salt 1
separates 1
successful 1
work 1
what 1
from 1
of 1
one 1
a 1
lot 1
hard 1
#FIM
